#-----------------------------------------------------------
# Vivado v2025.1 (64-bit)
# SW Build 6140274 on Thu May 22 00:12:29 MDT 2025
# IP Build 6138677 on Thu May 22 03:10:11 MDT 2025
# SharedData Build 6139179 on Tue May 20 17:58:58 MDT 2025
# Start of session at: Mon Sep 15 20:32:11 2025
# Process ID         : 16452
# Current directory  : C:/Users/Brendan/Vivado/8bit_cpu/8bit_cpu.runs/impl_1
# Command line       : vivado.exe -log cpu_top.vdi -applog -product Vivado -messageDb vivado.pb -mode batch -source cpu_top.tcl -notrace
# Log file           : C:/Users/Brendan/Vivado/8bit_cpu/8bit_cpu.runs/impl_1/cpu_top.vdi
# Journal file       : C:/Users/Brendan/Vivado/8bit_cpu/8bit_cpu.runs/impl_1\vivado.jou
# Running On         : WILSON
# Platform           : Windows Server 2016 or Windows 10
# Operating System   : 26100
# Processor Detail   : AMD Ryzen 7 7800X3D 8-Core Processor           
# CPU Frequency      : 4192 MHz
# CPU Physical cores : 8
# CPU Logical cores  : 16
# Host memory        : 33378 MB
# Swap memory        : 3892 MB
# Total Virtual      : 37270 MB
# Available Virtual  : 20141 MB
#-----------------------------------------------------------
source cpu_top.tcl -notrace
